../../Middlewares/ST/touchgfx/framework/include/touchgfx/Screen.hpp:104:18:virtual void touchgfx::Screen::afterTransition()	0	static
../../Middlewares/ST/touchgfx/framework/include/touchgfx/Screen.hpp:154:18:virtual void touchgfx::Screen::handleKeyEvent(uint8_t)	0	static
C:/TouchGFXProjects/MyApplication/TouchGFX/gui/src/screen2_screen/Screen2View.cpp:15:6:virtual void Screen2View::tearDownScreen()	0	static
C:/TouchGFXProjects/MyApplication/TouchGFX/gui/src/screen2_screen/Screen2View.cpp:64:6:virtual void Screen2View::shoot()	0	static
../../TouchGFX/gui/include/gui/screen2_screen/Screen2View.hpp:14:13:Screen2View::~Screen2View()	8	static
../../TouchGFX/gui/include/gui/screen2_screen/Screen2View.hpp:14:13:virtual Screen2View::~Screen2View()	8	static
C:/TouchGFXProjects/MyApplication/TouchGFX/gui/src/screen2_screen/Screen2View.cpp:5:1:Screen2View::Screen2View()	8	static
C:/TouchGFXProjects/MyApplication/TouchGFX/gui/src/screen2_screen/Screen2View.cpp:10:6:virtual void Screen2View::setupScreen()	0	static
C:/TouchGFXProjects/MyApplication/TouchGFX/gui/src/screen2_screen/Screen2View.cpp:19:6:virtual void Screen2View::handleTickEvent()	32	static
