D:/project/Game_Ban_Trung/gameBanTrung/Core/Src/main.c:936:13:SPI5_Write	1
D:/project/Game_Ban_Trung/gameBanTrung/Core/Src/main.c:1038:6:StartHardwarePollingTask	6
D:/project/Game_Ban_Trung/gameBanTrung/Core/Src/main.c:1085:6:StartDefaultTask	1
D:/project/Game_Ban_Trung/gameBanTrung/Core/Src/main.c:259:6:SystemClock_Config	1
D:/project/Game_Ban_Trung/gameBanTrung/Core/Src/main.c:165:5:main	2
D:/project/Game_Ban_Trung/gameBanTrung/Core/Src/main.c:780:6:IOE_Init	1
D:/project/Game_Ban_Trung/gameBanTrung/Core/Src/main.c:789:6:IOE_ITConfig	1
D:/project/Game_Ban_Trung/gameBanTrung/Core/Src/main.c:801:6:IOE_Write	1
D:/project/Game_Ban_Trung/gameBanTrung/Core/Src/main.c:812:9:IOE_Read	1
D:/project/Game_Ban_Trung/gameBanTrung/Core/Src/main.c:825:10:IOE_ReadMultiple	1
D:/project/Game_Ban_Trung/gameBanTrung/Core/Src/main.c:834:6:IOE_Delay	1
D:/project/Game_Ban_Trung/gameBanTrung/Core/Src/main.c:962:6:LCD_IO_Init	1
D:/project/Game_Ban_Trung/gameBanTrung/Core/Src/main.c:972:6:LCD_IO_WriteData	1
D:/project/Game_Ban_Trung/gameBanTrung/Core/Src/main.c:988:6:LCD_IO_WriteReg	1
D:/project/Game_Ban_Trung/gameBanTrung/Core/Src/main.c:1007:10:LCD_IO_ReadData	1
D:/project/Game_Ban_Trung/gameBanTrung/Core/Src/main.c:1034:6:LCD_Delay	1
D:/project/Game_Ban_Trung/gameBanTrung/Core/Src/main.c:1104:6:HAL_TIM_PeriodElapsedCallback	2
D:/project/Game_Ban_Trung/gameBanTrung/Core/Src/main.c:1122:6:Error_Handler	1
