D:/project/Game_Ban_Trung/gameBanTrung/Core/Src/main.c:929:13:SPI5_Write	16	static
D:/project/Game_Ban_Trung/gameBanTrung/Core/Src/main.c:1031:6:StartHardwarePollingTask	8	static
D:/project/Game_Ban_Trung/gameBanTrung/Core/Src/main.c:1066:6:StartDefaultTask	8	static
D:/project/Game_Ban_Trung/gameBanTrung/Core/Src/main.c:258:6:SystemClock_Config	96	static
D:/project/Game_Ban_Trung/gameBanTrung/Core/Src/main.c:164:5:main	120	static
D:/project/Game_Ban_Trung/gameBanTrung/Core/Src/main.c:773:6:IOE_Init	0	static
D:/project/Game_Ban_Trung/gameBanTrung/Core/Src/main.c:782:6:IOE_ITConfig	0	static
D:/project/Game_Ban_Trung/gameBanTrung/Core/Src/main.c:794:6:IOE_Write	32	static
D:/project/Game_Ban_Trung/gameBanTrung/Core/Src/main.c:805:9:IOE_Read	32	static
D:/project/Game_Ban_Trung/gameBanTrung/Core/Src/main.c:818:10:IOE_ReadMultiple	24	static
D:/project/Game_Ban_Trung/gameBanTrung/Core/Src/main.c:827:6:IOE_Delay	0	static
D:/project/Game_Ban_Trung/gameBanTrung/Core/Src/main.c:955:6:LCD_IO_Init	8	static
D:/project/Game_Ban_Trung/gameBanTrung/Core/Src/main.c:965:6:LCD_IO_WriteData	16	static
D:/project/Game_Ban_Trung/gameBanTrung/Core/Src/main.c:981:6:LCD_IO_WriteReg	16	static
D:/project/Game_Ban_Trung/gameBanTrung/Core/Src/main.c:1000:10:LCD_IO_ReadData	32	static
D:/project/Game_Ban_Trung/gameBanTrung/Core/Src/main.c:1027:6:LCD_Delay	0	static
D:/project/Game_Ban_Trung/gameBanTrung/Core/Src/main.c:1085:6:HAL_TIM_PeriodElapsedCallback	0	static
D:/project/Game_Ban_Trung/gameBanTrung/Core/Src/main.c:1103:6:Error_Handler	0	static
