D:/project/Game_Ban_Trung/gameBanTrung/Core/Src/main.c:928:13:SPI5_Write	16	static
D:/project/Game_Ban_Trung/gameBanTrung/Core/Src/main.c:1030:6:StartHardwarePollingTask	8	static
D:/project/Game_Ban_Trung/gameBanTrung/Core/Src/main.c:1063:6:StartDefaultTask	8	static
D:/project/Game_Ban_Trung/gameBanTrung/Core/Src/main.c:257:6:SystemClock_Config	96	static
D:/project/Game_Ban_Trung/gameBanTrung/Core/Src/main.c:163:5:main	120	static
D:/project/Game_Ban_Trung/gameBanTrung/Core/Src/main.c:772:6:IOE_Init	0	static
D:/project/Game_Ban_Trung/gameBanTrung/Core/Src/main.c:781:6:IOE_ITConfig	0	static
D:/project/Game_Ban_Trung/gameBanTrung/Core/Src/main.c:793:6:IOE_Write	32	static
D:/project/Game_Ban_Trung/gameBanTrung/Core/Src/main.c:804:9:IOE_Read	32	static
D:/project/Game_Ban_Trung/gameBanTrung/Core/Src/main.c:817:10:IOE_ReadMultiple	24	static
D:/project/Game_Ban_Trung/gameBanTrung/Core/Src/main.c:826:6:IOE_Delay	0	static
D:/project/Game_Ban_Trung/gameBanTrung/Core/Src/main.c:954:6:LCD_IO_Init	8	static
D:/project/Game_Ban_Trung/gameBanTrung/Core/Src/main.c:964:6:LCD_IO_WriteData	16	static
D:/project/Game_Ban_Trung/gameBanTrung/Core/Src/main.c:980:6:LCD_IO_WriteReg	16	static
D:/project/Game_Ban_Trung/gameBanTrung/Core/Src/main.c:999:10:LCD_IO_ReadData	32	static
D:/project/Game_Ban_Trung/gameBanTrung/Core/Src/main.c:1026:6:LCD_Delay	0	static
D:/project/Game_Ban_Trung/gameBanTrung/Core/Src/main.c:1082:6:HAL_TIM_PeriodElapsedCallback	0	static
D:/project/Game_Ban_Trung/gameBanTrung/Core/Src/main.c:1100:6:Error_Handler	0	static
