D:/pro/Game_Ban_Trung/gameBanTrung/Core/Src/main.c:973:13:SPI5_Write	16	static
D:/pro/Game_Ban_Trung/gameBanTrung/Core/Src/main.c:1075:6:StartHardwarePollingTask	24	static
D:/pro/Game_Ban_Trung/gameBanTrung/Core/Src/main.c:1125:6:StartDefaultTask	8	static
D:/pro/Game_Ban_Trung/gameBanTrung/Core/Src/main.c:263:6:SystemClock_Config	96	static
D:/pro/Game_Ban_Trung/gameBanTrung/Core/Src/main.c:168:5:main	120	static
D:/pro/Game_Ban_Trung/gameBanTrung/Core/Src/main.c:817:6:IOE_Init	0	static
D:/pro/Game_Ban_Trung/gameBanTrung/Core/Src/main.c:826:6:IOE_ITConfig	0	static
D:/pro/Game_Ban_Trung/gameBanTrung/Core/Src/main.c:838:6:IOE_Write	32	static
D:/pro/Game_Ban_Trung/gameBanTrung/Core/Src/main.c:849:9:IOE_Read	32	static
D:/pro/Game_Ban_Trung/gameBanTrung/Core/Src/main.c:862:10:IOE_ReadMultiple	24	static
D:/pro/Game_Ban_Trung/gameBanTrung/Core/Src/main.c:871:6:IOE_Delay	0	static
D:/pro/Game_Ban_Trung/gameBanTrung/Core/Src/main.c:999:6:LCD_IO_Init	8	static
D:/pro/Game_Ban_Trung/gameBanTrung/Core/Src/main.c:1009:6:LCD_IO_WriteData	16	static
D:/pro/Game_Ban_Trung/gameBanTrung/Core/Src/main.c:1025:6:LCD_IO_WriteReg	16	static
D:/pro/Game_Ban_Trung/gameBanTrung/Core/Src/main.c:1044:10:LCD_IO_ReadData	32	static
D:/pro/Game_Ban_Trung/gameBanTrung/Core/Src/main.c:1071:6:LCD_Delay	0	static
D:/pro/Game_Ban_Trung/gameBanTrung/Core/Src/main.c:1144:6:HAL_TIM_PeriodElapsedCallback	0	static
D:/pro/Game_Ban_Trung/gameBanTrung/Core/Src/main.c:1162:6:Error_Handler	0	static
