../../Middlewares/ST/touchgfx/framework/include/touchgfx/Screen.hpp:104:18:virtual void touchgfx::Screen::afterTransition()	0	static
../../Middlewares/ST/touchgfx/framework/include/touchgfx/Screen.hpp:144:18:virtual void touchgfx::Screen::handleTickEvent()	0	static
../../Middlewares/ST/touchgfx/framework/include/touchgfx/Screen.hpp:154:18:virtual void touchgfx::Screen::handleKeyEvent(uint8_t)	0	static
D:/Pj Nhúng/Game_Ban_Trung/gameBanTrung/TouchGFX/gui/src/lose_screen_screen/Lose_ScreenView.cpp:14:6:virtual void Lose_ScreenView::tearDownScreen()	0	static
../../TouchGFX/gui/include/gui/lose_screen_screen/Lose_ScreenView.hpp:12:13:Lose_ScreenView::~Lose_ScreenView()	8	static
../../TouchGFX/gui/include/gui/lose_screen_screen/Lose_ScreenView.hpp:12:13:virtual Lose_ScreenView::~Lose_ScreenView()	8	static
D:/Pj Nhúng/Game_Ban_Trung/gameBanTrung/TouchGFX/gui/src/lose_screen_screen/Lose_ScreenView.cpp:3:1:Lose_ScreenView::Lose_ScreenView()	8	static
D:/Pj Nhúng/Game_Ban_Trung/gameBanTrung/TouchGFX/gui/src/lose_screen_screen/Lose_ScreenView.cpp:18:6:void Lose_ScreenView::printScore(int)	16	static
D:/Pj Nhúng/Game_Ban_Trung/gameBanTrung/TouchGFX/gui/src/lose_screen_screen/Lose_ScreenView.cpp:8:6:virtual void Lose_ScreenView::setupScreen()	8	static
