../../Middlewares/ST/touchgfx/framework/include/touchgfx/Drawable.hpp:147:23:virtual touchgfx::Drawable* touchgfx::Drawable::getFirstChild()	0	static
../../Middlewares/ST/touchgfx/framework/include/touchgfx/Drawable.hpp:315:18:virtual void touchgfx::Drawable::setX(int16_t)	0	static
../../Middlewares/ST/touchgfx/framework/include/touchgfx/Drawable.hpp:327:18:virtual void touchgfx::Drawable::setY(int16_t)	0	static
../../Middlewares/ST/touchgfx/framework/include/touchgfx/Drawable.hpp:356:18:virtual void touchgfx::Drawable::setWidth(int16_t)	0	static
../../Middlewares/ST/touchgfx/framework/include/touchgfx/Drawable.hpp:368:18:virtual void touchgfx::Drawable::setHeight(int16_t)	0	static
../../Middlewares/ST/touchgfx/framework/include/touchgfx/Drawable.hpp:378:18:virtual void touchgfx::Drawable::childGeometryChanged()	0	static
../../Middlewares/ST/touchgfx/framework/include/touchgfx/Drawable.hpp:389:18:virtual void touchgfx::Drawable::handleClickEvent(const touchgfx::ClickEvent&)	0	static
../../Middlewares/ST/touchgfx/framework/include/touchgfx/Drawable.hpp:401:18:virtual void touchgfx::Drawable::handleGestureEvent(const touchgfx::GestureEvent&)	0	static
../../Middlewares/ST/touchgfx/framework/include/touchgfx/Drawable.hpp:490:18:virtual void touchgfx::Drawable::handleDragEvent(const touchgfx::DragEvent&)	0	static
../../Middlewares/ST/touchgfx/framework/include/touchgfx/Drawable.hpp:501:18:virtual void touchgfx::Drawable::handleTickEvent()	0	static
../../Middlewares/ST/touchgfx/framework/include/touchgfx/Drawable.hpp:588:18:virtual void touchgfx::Drawable::moveTo(int16_t, int16_t)	4	static
../../Middlewares/ST/touchgfx/framework/include/touchgfx/Drawable.hpp:703:18:virtual void touchgfx::Drawable::setupDrawChain(const touchgfx::Rect&, touchgfx::Drawable**)	0	static
../../Middlewares/ST/touchgfx/framework/include/touchgfx/Screen.hpp:104:18:virtual void touchgfx::Screen::afterTransition()	0	static
../../Middlewares/ST/touchgfx/framework/include/touchgfx/Screen.hpp:154:18:virtual void touchgfx::Screen::handleKeyEvent(uint8_t)	0	static
D:/project/Game_Ban_Trung/gameBanTrung/TouchGFX/gui/src/screen2_screen/Screen2View.cpp:269:6:virtual void Screen2View::tearDownScreen()	0	static
D:/project/Game_Ban_Trung/gameBanTrung/TouchGFX/gui/src/screen2_screen/Screen2View.cpp:405:6:virtual void Screen2View::Left()	0	static
D:/project/Game_Ban_Trung/gameBanTrung/TouchGFX/gui/src/screen2_screen/Screen2View.cpp:409:6:virtual void Screen2View::Right()	0	static
D:/project/Game_Ban_Trung/gameBanTrung/TouchGFX/gui/src/screen2_screen/Screen2View.cpp:389:6:virtual void Screen2View::Shoot()	16	static
../../TouchGFX/gui/include/gui/screen2_screen/Screen2View.hpp:47:13:Screen2View::~Screen2View()	16	static
../../TouchGFX/gui/include/gui/screen2_screen/Screen2View.hpp:47:13:virtual Screen2View::~Screen2View()	8	static
../../Middlewares/ST/touchgfx/framework/include/touchgfx/Drawable.hpp:121:18:virtual void touchgfx::Drawable::invalidateContent() const	0	static
../../Middlewares/ST/touchgfx/framework/include/touchgfx/widgets/Widget.hpp:45:18:virtual void touchgfx::Widget::getLastChild(int16_t, int16_t, touchgfx::Drawable**)	0	static
../../Middlewares/ST/touchgfx/framework/include/touchgfx/Drawable.hpp:343:10:void touchgfx::Drawable::setXY(int16_t, int16_t)	16	static
../../Middlewares/ST/touchgfx/framework/include/touchgfx/widgets/TextureMapper.hpp:216:18:virtual void touchgfx::TextureMapper::updateZAngle(float)	0	static
D:/project/Game_Ban_Trung/gameBanTrung/TouchGFX/gui/src/screen2_screen/Screen2View.cpp:7:1:Egg::Egg(int, int, int)	8	static
D:/project/Game_Ban_Trung/gameBanTrung/TouchGFX/gui/src/screen2_screen/Screen2View.cpp:23:5:int randColor()	0	static
D:/project/Game_Ban_Trung/gameBanTrung/TouchGFX/gui/src/screen2_screen/Screen2View.cpp:26:6:void addRowEgg()	20	static
D:/project/Game_Ban_Trung/gameBanTrung/TouchGFX/gui/src/screen2_screen/Screen2View.cpp:120:5:int distance(Egg, int, int)	16	static
D:/project/Game_Ban_Trung/gameBanTrung/TouchGFX/gui/src/screen2_screen/Screen2View.cpp:172:6:void deleteEggDesAndFall()	1112	static
D:/project/Game_Ban_Trung/gameBanTrung/TouchGFX/gui/src/screen2_screen/Screen2View.cpp:185:5:int isCollide(Egg, Egg)	16	static
D:/project/Game_Ban_Trung/gameBanTrung/TouchGFX/gui/src/screen2_screen/Screen2View.cpp:54:6:void destroyEgg(Egg)	1168	static
D:/project/Game_Ban_Trung/gameBanTrung/TouchGFX/gui/src/screen2_screen/Screen2View.cpp:74:6:void updateStatus(Egg)	1160	static
D:/project/Game_Ban_Trung/gameBanTrung/TouchGFX/gui/src/screen2_screen/Screen2View.cpp:91:6:void standardization(Egg&)	96	static
D:/project/Game_Ban_Trung/gameBanTrung/TouchGFX/gui/src/screen2_screen/Screen2View.cpp:123:6:void updateGridEgg(Egg)	1136	static
D:/project/Game_Ban_Trung/gameBanTrung/TouchGFX/gui/src/screen2_screen/Screen2View.cpp:191:5:int isFinishGame()	0	static
D:/project/Game_Ban_Trung/gameBanTrung/TouchGFX/gui/src/screen2_screen/Screen2View.cpp:197:5:int isStop(Egg)	48	static
D:/project/Game_Ban_Trung/gameBanTrung/TouchGFX/gui/src/screen2_screen/Screen2View.cpp:203:20:touchgfx::BitmapId Screen2View::getEggBitmap(int)	0	static
D:/project/Game_Ban_Trung/gameBanTrung/TouchGFX/gui/src/screen2_screen/Screen2View.cpp:413:6:virtual void Screen2View::Swap()	24	static
D:/project/Game_Ban_Trung/gameBanTrung/TouchGFX/gui/src/screen2_screen/Screen2View.cpp:235:5:int CountEggsonScreen()	8	static
D:/project/Game_Ban_Trung/gameBanTrung/TouchGFX/gui/src/screen2_screen/Screen2View.cpp:246:1:Screen2View::Screen2View()	40	static
D:/project/Game_Ban_Trung/gameBanTrung/TouchGFX/gui/src/screen2_screen/Screen2View.cpp:422:1:cpp)	0	static
D:/project/Game_Ban_Trung/gameBanTrung/TouchGFX/gui/src/screen2_screen/Screen2View.cpp:214:6:void Screen2View::Show()	48	static
D:/project/Game_Ban_Trung/gameBanTrung/TouchGFX/gui/src/screen2_screen/Screen2View.cpp:273:6:virtual void Screen2View::handleTickEvent()	64	static
D:/project/Game_Ban_Trung/gameBanTrung/TouchGFX/gui/src/screen2_screen/Screen2View.cpp:251:6:virtual void Screen2View::setupScreen()	40	static
