../../Middlewares/ST/touchgfx/framework/include/touchgfx/Screen.hpp:104:18:virtual void touchgfx::Screen::afterTransition()	0	static
../../Middlewares/ST/touchgfx/framework/include/touchgfx/Screen.hpp:144:18:virtual void touchgfx::Screen::handleTickEvent()	0	static
../../Middlewares/ST/touchgfx/framework/include/touchgfx/Screen.hpp:154:18:virtual void touchgfx::Screen::handleKeyEvent(uint8_t)	0	static
../../TouchGFX/generated/gui_generated/include/gui_generated/win_screen_screen/Win_ScreenViewBase.hpp:24:18:virtual void Win_ScreenViewBase::nextlevel()	0	static
D:/pro/Game_Ban_Trung/gameBanTrung/TouchGFX/gui/src/win_screen_screen/Win_ScreenView.cpp:13:6:virtual void Win_ScreenView::tearDownScreen()	0	static
../../TouchGFX/gui/include/gui/win_screen_screen/Win_ScreenView.hpp:11:13:Win_ScreenView::~Win_ScreenView()	8	static
../../TouchGFX/gui/include/gui/win_screen_screen/Win_ScreenView.hpp:11:13:virtual Win_ScreenView::~Win_ScreenView()	8	static
D:/pro/Game_Ban_Trung/gameBanTrung/TouchGFX/gui/src/win_screen_screen/Win_ScreenView.cpp:3:1:Win_ScreenView::Win_ScreenView()	8	static
D:/pro/Game_Ban_Trung/gameBanTrung/TouchGFX/gui/src/win_screen_screen/Win_ScreenView.cpp:8:6:virtual void Win_ScreenView::setupScreen()	0	static
